[2025-07-16 20:21:58,521] 1025 -INFO -HTTP Request: GET https://dagshub.com/api/v1/user "HTTP/1.1 200 OK"
[2025-07-16 20:21:58,521] 107 -INFO -Accessing as Rayan786-12
[2025-07-16 20:21:58,929] 1025 -INFO -HTTP Request: GET https://dagshub.com/api/v1/repos/Rayan786-12/networksecurity "HTTP/1.1 200 OK"
[2025-07-16 20:21:59,238] 1025 -INFO -HTTP Request: GET https://dagshub.com/api/v1/user "HTTP/1.1 200 OK"
[2025-07-16 20:21:59,243] 107 -INFO -Initialized MLflow to track repo "Rayan786-12/networksecurity"
[2025-07-16 20:21:59,244] 107 -INFO -Repository Rayan786-12/networksecurity initialized!
[2025-07-16 20:23:07,352] 33 -INFO -Start_Data_ingestion
[2025-07-16 20:23:11,971] 84 -INFO -Performed train test split on the dataframe
[2025-07-16 20:23:11,971] 86 -INFO -Exited split_data_as_train_test method of Data_Ingestion class
[2025-07-16 20:23:11,972] 94 -INFO -Exporting train and test file path.
[2025-07-16 20:23:12,096] 103 -INFO -Exported train and test file path.
[2025-07-16 20:23:12,097] 36 -INFO -Data Ingestion completed and artifact: DataIngestionArtifact(trained_file_path='Artifacts\\07_16_2025_20_21_56\\data_ingestion\\ingested\\train.csv', test_file_path='Artifacts\\07_16_2025_20_21_56\\data_ingestion\\ingested\\test.csv')
[2025-07-16 20:23:12,105] 46 -INFO -Initiate the data Validation
[2025-07-16 20:23:12,153] 30 -INFO -Required number of columns:2
[2025-07-16 20:23:12,153] 31 -INFO -Data frame has columns:31
[2025-07-16 20:23:12,386] 66 -INFO -Entered initiate_data_transformation method of DataTransformation class
[2025-07-16 20:23:12,386] 68 -INFO -Starting data transformation
[2025-07-16 20:23:12,425] 50 -INFO -Entered get_data_trnasformer_object method of Trnasformation class
[2025-07-16 20:23:12,425] 56 -INFO -Initialise KNNImputer with {'missing_values': nan, 'n_neighbors': 3, 'weights': 'uniform'}
[2025-07-16 20:23:12,451] 52 -INFO -Entered the save_object method of MainUtils class
[2025-07-16 20:23:12,454] 56 -INFO -Exited the save_object method of MainUtils class
[2025-07-16 20:23:12,454] 52 -INFO -Entered the save_object method of MainUtils class
[2025-07-16 20:23:12,459] 56 -INFO -Exited the save_object method of MainUtils class
[2025-07-16 20:23:33,752] 52 -INFO -Entered the save_object method of MainUtils class
[2025-07-16 20:23:33,764] 56 -INFO -Exited the save_object method of MainUtils class
[2025-07-16 20:23:33,764] 52 -INFO -Entered the save_object method of MainUtils class
[2025-07-16 20:23:33,778] 56 -INFO -Exited the save_object method of MainUtils class
[2025-07-16 20:23:33,778] 122 -INFO -Model trainer artifact: ModelTrainerArtifact(trained_model_file_path='Artifacts\\07_16_2025_20_21_56\\model_trainer\\trained_model\\model.pkl', train_metric_artifact=ClassificationMetricArtifact(f1_score=0.9907070707070708, precision_score=0.9889090542448075, recall_score=0.9925116373203805), test_metric_artifact=ClassificationMetricArtifact(f1_score=0.9885057471264368, precision_score=0.9868852459016394, recall_score=0.9901315789473685))
