[2025-07-16 14:34:22,708] 1025 -INFO -HTTP Request: GET https://dagshub.com/api/v1/user "HTTP/1.1 200 OK"
[2025-07-16 14:34:22,711] 107 -INFO -Accessing as Rayan786-12
[2025-07-16 14:34:23,120] 1025 -INFO -HTTP Request: GET https://dagshub.com/api/v1/repos/Rayan786-12/networksecurity "HTTP/1.1 200 OK"
[2025-07-16 14:34:23,733] 1025 -INFO -HTTP Request: GET https://dagshub.com/api/v1/user "HTTP/1.1 200 OK"
[2025-07-16 14:34:23,733] 107 -INFO -Initialized MLflow to track repo "Rayan786-12/networksecurity"
[2025-07-16 14:34:23,733] 107 -INFO -Repository Rayan786-12/networksecurity initialized!
[2025-07-16 14:35:01,843] 33 -INFO -Start_Data_ingestion
[2025-07-16 14:35:09,681] 84 -INFO -Performed train test split on the dataframe
[2025-07-16 14:35:09,681] 86 -INFO -Exited split_data_as_train_test method of Data_Ingestion class
[2025-07-16 14:35:09,682] 94 -INFO -Exporting train and test file path.
[2025-07-16 14:35:09,768] 103 -INFO -Exported train and test file path.
[2025-07-16 14:35:09,768] 36 -INFO -Data Ingestion completed and artifact: DataIngestionArtifact(trained_file_path='Artifacts\\07_16_2025_14_34_21\\data_ingestion\\ingested\\train.csv', test_file_path='Artifacts\\07_16_2025_14_34_21\\data_ingestion\\ingested\\test.csv')
[2025-07-16 14:35:09,772] 46 -INFO -Initiate the data Validation
[2025-07-16 14:35:09,804] 30 -INFO -Required number of columns:2
[2025-07-16 14:35:09,804] 31 -INFO -Data frame has columns:31
[2025-07-16 14:35:09,997] 66 -INFO -Entered initiate_data_transformation method of DataTransformation class
[2025-07-16 14:35:09,998] 68 -INFO -Starting data transformation
[2025-07-16 14:35:10,029] 50 -INFO -Entered get_data_trnasformer_object method of Trnasformation class
[2025-07-16 14:35:10,029] 56 -INFO -Initialise KNNImputer with {'missing_values': nan, 'n_neighbors': 3, 'weights': 'uniform'}
[2025-07-16 14:35:10,046] 52 -INFO -Entered the save_object method of MainUtils class
[2025-07-16 14:35:10,050] 56 -INFO -Exited the save_object method of MainUtils class
[2025-07-16 14:35:10,050] 52 -INFO -Entered the save_object method of MainUtils class
[2025-07-16 14:35:10,054] 56 -INFO -Exited the save_object method of MainUtils class
[2025-07-16 14:37:16,117] 868 -WARNING -Retrying (Retry(total=6, connect=7, read=7, redirect=7, status=7)) after connection broken by 'SSLEOFError(8, 'EOF occurred in violation of protocol (_ssl.c:2426)')': /Rayan786-12/networksecurity.mlflow/api/2.0/mlflow-artifacts/artifacts/83bbe42f108f4d7d93ebbdb5286ed0e7/3760d3624b1540c5a7cad2924c216f18/artifacts/model.pkl
