[2025-07-12 10:31:57,961] 1025 -INFO -HTTP Request: GET https://dagshub.com/api/v1/user "HTTP/1.1 200 OK"
[2025-07-12 10:31:57,968] 107 -INFO -Accessing as Rayan786-12
[2025-07-12 10:31:58,377] 1025 -INFO -HTTP Request: GET https://dagshub.com/api/v1/repos/Rayan786-12/networksecurity "HTTP/1.1 200 OK"
[2025-07-12 10:31:58,711] 1025 -INFO -HTTP Request: GET https://dagshub.com/api/v1/user "HTTP/1.1 200 OK"
[2025-07-12 10:31:58,714] 107 -INFO -Initialized MLflow to track repo "Rayan786-12/networksecurity"
[2025-07-12 10:31:58,716] 107 -INFO -Repository Rayan786-12/networksecurity initialized!
[2025-07-12 10:33:22,205] 33 -INFO -Start_Data_ingestion
[2025-07-12 10:33:27,498] 84 -INFO -Performed train test split on the dataframe
[2025-07-12 10:33:27,498] 86 -INFO -Exited split_data_as_train_test method of Data_Ingestion class
[2025-07-12 10:33:27,499] 94 -INFO -Exporting train and test file path.
[2025-07-12 10:33:27,691] 103 -INFO -Exported train and test file path.
[2025-07-12 10:33:27,694] 36 -INFO -Data Ingestion completed and artifact: DataIngestionArtifact(trained_file_path='Artifacts\\07_12_2025_10_31_55\\data_ingestion\\ingested\\train.csv', test_file_path='Artifacts\\07_12_2025_10_31_55\\data_ingestion\\ingested\\test.csv')
[2025-07-12 10:33:27,702] 46 -INFO -Initiate the data Validation
[2025-07-12 10:33:27,777] 30 -INFO -Required number of columns:2
[2025-07-12 10:33:27,777] 31 -INFO -Data frame has columns:31
[2025-07-12 10:33:28,235] 66 -INFO -Entered initiate_data_transformation method of DataTransformation class
[2025-07-12 10:33:28,236] 68 -INFO -Starting data transformation
[2025-07-12 10:33:28,310] 50 -INFO -Entered get_data_trnasformer_object method of Trnasformation class
[2025-07-12 10:33:28,310] 56 -INFO -Initialise KNNImputer with {'missing_values': nan, 'n_neighbors': 3, 'weights': 'uniform'}
[2025-07-12 10:33:28,349] 52 -INFO -Entered the save_object method of MainUtils class
[2025-07-12 10:33:28,356] 56 -INFO -Exited the save_object method of MainUtils class
[2025-07-12 10:33:28,357] 52 -INFO -Entered the save_object method of MainUtils class
[2025-07-12 10:33:28,363] 56 -INFO -Exited the save_object method of MainUtils class
[2025-07-12 10:34:33,098] 52 -INFO -Entered the save_object method of MainUtils class
[2025-07-12 10:34:33,131] 56 -INFO -Exited the save_object method of MainUtils class
[2025-07-12 10:34:33,131] 52 -INFO -Entered the save_object method of MainUtils class
[2025-07-12 10:34:33,163] 56 -INFO -Exited the save_object method of MainUtils class
[2025-07-12 10:34:33,163] 114 -INFO -Model trainer artifact: ModelTrainerArtifact(trained_model_file_path='Artifacts\\07_12_2025_10_31_55\\model_trainer\\trained_model\\model.pkl', train_metric_artifact=ClassificationMetricArtifact(f1_score=0.9915215515053054, precision_score=0.9898631525595539, recall_score=0.9931855166802278), test_metric_artifact=ClassificationMetricArtifact(f1_score=0.9853266331658291, precision_score=0.9831528279181708, recall_score=0.9875100725221595))
