[2025-07-16 20:17:59,135] 1025 -INFO -HTTP Request: GET https://dagshub.com/api/v1/user "HTTP/1.1 200 OK"
[2025-07-16 20:17:59,140] 107 -INFO -Accessing as Rayan786-12
[2025-07-16 20:17:59,557] 1025 -INFO -HTTP Request: GET https://dagshub.com/api/v1/repos/Rayan786-12/networksecurity "HTTP/1.1 200 OK"
[2025-07-16 20:18:00,134] 1025 -INFO -HTTP Request: GET https://dagshub.com/api/v1/user "HTTP/1.1 200 OK"
[2025-07-16 20:18:00,138] 107 -INFO -Initialized MLflow to track repo "Rayan786-12/networksecurity"
[2025-07-16 20:18:00,139] 107 -INFO -Repository Rayan786-12/networksecurity initialized!
[2025-07-16 20:18:14,381] 33 -INFO -Start_Data_ingestion
[2025-07-16 20:18:18,751] 84 -INFO -Performed train test split on the dataframe
[2025-07-16 20:18:18,751] 86 -INFO -Exited split_data_as_train_test method of Data_Ingestion class
[2025-07-16 20:18:18,752] 94 -INFO -Exporting train and test file path.
[2025-07-16 20:18:18,863] 103 -INFO -Exported train and test file path.
[2025-07-16 20:18:18,864] 36 -INFO -Data Ingestion completed and artifact: DataIngestionArtifact(trained_file_path='Artifacts\\07_16_2025_20_17_56\\data_ingestion\\ingested\\train.csv', test_file_path='Artifacts\\07_16_2025_20_17_56\\data_ingestion\\ingested\\test.csv')
[2025-07-16 20:18:18,873] 46 -INFO -Initiate the data Validation
[2025-07-16 20:18:18,918] 30 -INFO -Required number of columns:2
[2025-07-16 20:18:18,918] 31 -INFO -Data frame has columns:31
[2025-07-16 20:18:19,157] 66 -INFO -Entered initiate_data_transformation method of DataTransformation class
[2025-07-16 20:18:19,157] 68 -INFO -Starting data transformation
[2025-07-16 20:18:19,205] 50 -INFO -Entered get_data_trnasformer_object method of Trnasformation class
[2025-07-16 20:18:19,205] 56 -INFO -Initialise KNNImputer with {'missing_values': nan, 'n_neighbors': 3, 'weights': 'uniform'}
[2025-07-16 20:18:19,225] 52 -INFO -Entered the save_object method of MainUtils class
[2025-07-16 20:18:19,231] 56 -INFO -Exited the save_object method of MainUtils class
[2025-07-16 20:18:19,231] 52 -INFO -Entered the save_object method of MainUtils class
[2025-07-16 20:18:19,236] 56 -INFO -Exited the save_object method of MainUtils class
[2025-07-16 20:18:49,497] 52 -INFO -Entered the save_object method of MainUtils class
[2025-07-16 20:18:49,535] 56 -INFO -Exited the save_object method of MainUtils class
[2025-07-16 20:18:49,536] 52 -INFO -Entered the save_object method of MainUtils class
[2025-07-16 20:18:49,568] 56 -INFO -Exited the save_object method of MainUtils class
[2025-07-16 20:18:49,569] 122 -INFO -Model trainer artifact: ModelTrainerArtifact(trained_model_file_path='Artifacts\\07_16_2025_20_17_56\\model_trainer\\trained_model\\model.pkl', train_metric_artifact=ClassificationMetricArtifact(f1_score=0.9912823112012165, precision_score=0.990178209801539, recall_score=0.992388877613152), test_metric_artifact=ClassificationMetricArtifact(f1_score=0.9861956963053187, precision_score=0.9849959448499594, recall_score=0.9873983739837399))
