[2025-07-16 14:44:53,174] 1025 -INFO -HTTP Request: GET https://dagshub.com/api/v1/user "HTTP/1.1 200 OK"
[2025-07-16 14:44:53,174] 107 -INFO -Accessing as Rayan786-12
[2025-07-16 14:44:53,992] 1025 -INFO -HTTP Request: GET https://dagshub.com/api/v1/repos/Rayan786-12/networksecurity "HTTP/1.1 200 OK"
[2025-07-16 14:44:54,329] 1025 -INFO -HTTP Request: GET https://dagshub.com/api/v1/user "HTTP/1.1 200 OK"
[2025-07-16 14:44:54,331] 107 -INFO -Initialized MLflow to track repo "Rayan786-12/networksecurity"
[2025-07-16 14:44:54,331] 107 -INFO -Repository Rayan786-12/networksecurity initialized!
[2025-07-16 14:45:04,608] 33 -INFO -Start_Data_ingestion
[2025-07-16 14:45:18,668] 84 -INFO -Performed train test split on the dataframe
[2025-07-16 14:45:18,669] 86 -INFO -Exited split_data_as_train_test method of Data_Ingestion class
[2025-07-16 14:45:18,669] 94 -INFO -Exporting train and test file path.
[2025-07-16 14:45:18,752] 103 -INFO -Exported train and test file path.
[2025-07-16 14:45:18,752] 36 -INFO -Data Ingestion completed and artifact: DataIngestionArtifact(trained_file_path='Artifacts\\07_16_2025_14_44_51\\data_ingestion\\ingested\\train.csv', test_file_path='Artifacts\\07_16_2025_14_44_51\\data_ingestion\\ingested\\test.csv')
[2025-07-16 14:45:18,756] 46 -INFO -Initiate the data Validation
[2025-07-16 14:45:18,790] 30 -INFO -Required number of columns:2
[2025-07-16 14:45:18,790] 31 -INFO -Data frame has columns:31
[2025-07-16 14:45:18,960] 66 -INFO -Entered initiate_data_transformation method of DataTransformation class
[2025-07-16 14:45:18,960] 68 -INFO -Starting data transformation
[2025-07-16 14:45:18,991] 50 -INFO -Entered get_data_trnasformer_object method of Trnasformation class
[2025-07-16 14:45:18,992] 56 -INFO -Initialise KNNImputer with {'missing_values': nan, 'n_neighbors': 3, 'weights': 'uniform'}
[2025-07-16 14:45:19,011] 52 -INFO -Entered the save_object method of MainUtils class
[2025-07-16 14:45:19,014] 56 -INFO -Exited the save_object method of MainUtils class
[2025-07-16 14:45:19,014] 52 -INFO -Entered the save_object method of MainUtils class
[2025-07-16 14:45:19,018] 56 -INFO -Exited the save_object method of MainUtils class
[2025-07-16 14:46:52,269] 52 -INFO -Entered the save_object method of MainUtils class
[2025-07-16 14:46:52,291] 56 -INFO -Exited the save_object method of MainUtils class
[2025-07-16 14:46:52,291] 52 -INFO -Entered the save_object method of MainUtils class
[2025-07-16 14:46:52,311] 56 -INFO -Exited the save_object method of MainUtils class
[2025-07-16 14:46:52,311] 122 -INFO -Model trainer artifact: ModelTrainerArtifact(trained_model_file_path='Artifacts\\07_16_2025_14_44_51\\model_trainer\\trained_model\\model.pkl', train_metric_artifact=ClassificationMetricArtifact(f1_score=0.9908592321755028, precision_score=0.989251673088623, recall_score=0.992472024415056), test_metric_artifact=ClassificationMetricArtifact(f1_score=0.9879324215607401, precision_score=0.9871382636655949, recall_score=0.9887278582930756))
