[2025-07-16 14:25:45,795] 1025 -INFO -HTTP Request: GET https://dagshub.com/api/v1/user "HTTP/1.1 200 OK"
[2025-07-16 14:25:45,803] 107 -INFO -Accessing as Rayan786-12
[2025-07-16 14:25:46,310] 1025 -INFO -HTTP Request: GET https://dagshub.com/api/v1/repos/Rayan786-12/networksecurity "HTTP/1.1 200 OK"
[2025-07-16 14:25:46,707] 1025 -INFO -HTTP Request: GET https://dagshub.com/api/v1/user "HTTP/1.1 200 OK"
[2025-07-16 14:25:46,723] 107 -INFO -Initialized MLflow to track repo "Rayan786-12/networksecurity"
[2025-07-16 14:25:46,723] 107 -INFO -Repository Rayan786-12/networksecurity initialized!
[2025-07-16 14:26:01,287] 33 -INFO -Start_Data_ingestion
[2025-07-16 14:26:20,334] 84 -INFO -Performed train test split on the dataframe
[2025-07-16 14:26:20,334] 86 -INFO -Exited split_data_as_train_test method of Data_Ingestion class
[2025-07-16 14:26:20,334] 94 -INFO -Exporting train and test file path.
[2025-07-16 14:26:20,411] 103 -INFO -Exported train and test file path.
[2025-07-16 14:26:20,411] 36 -INFO -Data Ingestion completed and artifact: DataIngestionArtifact(trained_file_path='Artifacts\\07_16_2025_14_25_43\\data_ingestion\\ingested\\train.csv', test_file_path='Artifacts\\07_16_2025_14_25_43\\data_ingestion\\ingested\\test.csv')
[2025-07-16 14:26:20,416] 46 -INFO -Initiate the data Validation
[2025-07-16 14:26:20,442] 30 -INFO -Required number of columns:2
[2025-07-16 14:26:20,442] 31 -INFO -Data frame has columns:31
[2025-07-16 14:26:20,601] 66 -INFO -Entered initiate_data_transformation method of DataTransformation class
[2025-07-16 14:26:20,601] 68 -INFO -Starting data transformation
[2025-07-16 14:26:20,639] 50 -INFO -Entered get_data_trnasformer_object method of Trnasformation class
[2025-07-16 14:26:20,639] 56 -INFO -Initialise KNNImputer with {'missing_values': nan, 'n_neighbors': 3, 'weights': 'uniform'}
[2025-07-16 14:26:20,661] 52 -INFO -Entered the save_object method of MainUtils class
[2025-07-16 14:26:20,664] 56 -INFO -Exited the save_object method of MainUtils class
[2025-07-16 14:26:20,664] 52 -INFO -Entered the save_object method of MainUtils class
[2025-07-16 14:26:20,666] 56 -INFO -Exited the save_object method of MainUtils class
