[2025-07-16 14:42:08,890] 1025 -INFO -HTTP Request: GET https://dagshub.com/api/v1/user "HTTP/1.1 200 OK"
[2025-07-16 14:42:08,892] 107 -INFO -Accessing as Rayan786-12
[2025-07-16 14:42:09,639] 1025 -INFO -HTTP Request: GET https://dagshub.com/api/v1/repos/Rayan786-12/networksecurity "HTTP/1.1 200 OK"
[2025-07-16 14:42:09,999] 1025 -INFO -HTTP Request: GET https://dagshub.com/api/v1/user "HTTP/1.1 200 OK"
[2025-07-16 14:42:10,001] 107 -INFO -Initialized MLflow to track repo "Rayan786-12/networksecurity"
[2025-07-16 14:42:10,001] 107 -INFO -Repository Rayan786-12/networksecurity initialized!
[2025-07-16 14:42:15,209] 33 -INFO -Start_Data_ingestion
[2025-07-16 14:42:23,843] 84 -INFO -Performed train test split on the dataframe
[2025-07-16 14:42:23,843] 86 -INFO -Exited split_data_as_train_test method of Data_Ingestion class
[2025-07-16 14:42:23,843] 94 -INFO -Exporting train and test file path.
[2025-07-16 14:42:23,939] 103 -INFO -Exported train and test file path.
[2025-07-16 14:42:23,942] 36 -INFO -Data Ingestion completed and artifact: DataIngestionArtifact(trained_file_path='Artifacts\\07_16_2025_14_42_07\\data_ingestion\\ingested\\train.csv', test_file_path='Artifacts\\07_16_2025_14_42_07\\data_ingestion\\ingested\\test.csv')
[2025-07-16 14:42:23,942] 46 -INFO -Initiate the data Validation
[2025-07-16 14:42:23,983] 30 -INFO -Required number of columns:2
[2025-07-16 14:42:23,983] 31 -INFO -Data frame has columns:31
[2025-07-16 14:42:24,172] 66 -INFO -Entered initiate_data_transformation method of DataTransformation class
[2025-07-16 14:42:24,172] 68 -INFO -Starting data transformation
[2025-07-16 14:42:24,205] 50 -INFO -Entered get_data_trnasformer_object method of Trnasformation class
[2025-07-16 14:42:24,205] 56 -INFO -Initialise KNNImputer with {'missing_values': nan, 'n_neighbors': 3, 'weights': 'uniform'}
[2025-07-16 14:42:24,225] 52 -INFO -Entered the save_object method of MainUtils class
[2025-07-16 14:42:24,227] 56 -INFO -Exited the save_object method of MainUtils class
[2025-07-16 14:42:24,227] 52 -INFO -Entered the save_object method of MainUtils class
[2025-07-16 14:42:24,230] 56 -INFO -Exited the save_object method of MainUtils class
