[2025-07-16 13:24:26,546] 1025 -INFO -HTTP Request: GET https://dagshub.com/api/v1/user "HTTP/1.1 200 OK"
[2025-07-16 13:24:26,546] 107 -INFO -Accessing as Rayan786-12
[2025-07-16 13:24:27,271] 1025 -INFO -HTTP Request: GET https://dagshub.com/api/v1/repos/Rayan786-12/networksecurity "HTTP/1.1 200 OK"
[2025-07-16 13:24:27,779] 1025 -INFO -HTTP Request: GET https://dagshub.com/api/v1/user "HTTP/1.1 200 OK"
[2025-07-16 13:24:27,779] 107 -INFO -Initialized MLflow to track repo "Rayan786-12/networksecurity"
[2025-07-16 13:24:27,779] 107 -INFO -Repository Rayan786-12/networksecurity initialized!
[2025-07-16 13:35:27,644] 33 -INFO -Start_Data_ingestion
[2025-07-16 13:35:33,666] 84 -INFO -Performed train test split on the dataframe
[2025-07-16 13:35:33,667] 86 -INFO -Exited split_data_as_train_test method of Data_Ingestion class
[2025-07-16 13:35:33,669] 94 -INFO -Exporting train and test file path.
[2025-07-16 13:35:33,880] 103 -INFO -Exported train and test file path.
[2025-07-16 13:35:33,882] 36 -INFO -Data Ingestion completed and artifact: DataIngestionArtifact(trained_file_path='Artifacts\\07_16_2025_13_24_24\\data_ingestion\\ingested\\train.csv', test_file_path='Artifacts\\07_16_2025_13_24_24\\data_ingestion\\ingested\\test.csv')
[2025-07-16 13:35:33,900] 46 -INFO -Initiate the data Validation
[2025-07-16 13:35:33,986] 30 -INFO -Required number of columns:2
[2025-07-16 13:35:33,987] 31 -INFO -Data frame has columns:31
[2025-07-16 13:35:34,543] 66 -INFO -Entered initiate_data_transformation method of DataTransformation class
[2025-07-16 13:35:34,543] 68 -INFO -Starting data transformation
[2025-07-16 13:35:34,632] 50 -INFO -Entered get_data_trnasformer_object method of Trnasformation class
[2025-07-16 13:35:34,632] 56 -INFO -Initialise KNNImputer with {'missing_values': nan, 'n_neighbors': 3, 'weights': 'uniform'}
[2025-07-16 13:35:34,675] 52 -INFO -Entered the save_object method of MainUtils class
[2025-07-16 13:35:34,685] 56 -INFO -Exited the save_object method of MainUtils class
[2025-07-16 13:35:34,685] 52 -INFO -Entered the save_object method of MainUtils class
[2025-07-16 13:35:34,692] 56 -INFO -Exited the save_object method of MainUtils class
